Input #0, mov,mp4,m4a,3gp,3g2,mj2, from '/home/qg/evidence/int4-transfer-arena-r2a-fixed-step-v2/gameplay-fixed-step-1080p60.mp4':
  Metadata:
    major_brand     : isom
    minor_version   : 512
    compatible_brands: isomiso2avc1mp41
    encoder         : Lavf60.16.100
  Duration: 00:00:10.00, start: 0.000000, bitrate: 9434 kb/s
  Stream #0:0[0x1](und): Video: h264 (High) (avc1 / 0x31637661), yuv420p(progressive), 1920x1080, 9427 kb/s, 60 fps, 60 tbr, 15360 tbn (default)
    Metadata:
      handler_name    : VideoHandler
      vendor_id       : [0][0][0][0]
      encoder         : Lavc60.31.102 libx264
Stream mapping:
  Stream #0:0 -> #0:0 (h264 (native) -> wrapped_avframe (native))
Press [q] to stop, [?] for help
Output #0, null, to 'pipe:':
  Metadata:
    major_brand     : isom
    minor_version   : 512
    compatible_brands: isomiso2avc1mp41
    encoder         : Lavf60.16.100
  Stream #0:0(und): Video: wrapped_avframe, yuv420p(progressive), 1920x1080, q=2-31, 200 kb/s, 60 fps, 60 tbn (default)
    Metadata:
      handler_name    : VideoHandler
      vendor_id       : [0][0][0][0]
      encoder         : Lavc60.31.102 wrapped_avframe
frame=    0 fps=0.0 q=-0.0 size=       0kB time=00:00:00.00 bitrate=N/A speed=   0x    frame=  317 fps=0.0 q=-0.0 size=N/A time=00:00:05.28 bitrate=N/A speed=9.72x    [out#0/null @ 0x5fd0e12469c0] video:281kB audio:0kB subtitle:0kB other streams:0kB global headers:0kB muxing overhead: unknown
frame=  600 fps=0.0 q=-0.0 Lsize=N/A time=00:00:09.98 bitrate=N/A speed=11.4x    
