Input #0, image2, from '/home/qg/evidence/int4-visual-gamedev-plain-r1-fixed-step-v1/frame-step-frames/frame-%06d.png':
  Duration: 00:00:08.00, start: 0.000000, bitrate: N/A
  Stream #0:0: Video: png, rgb24(pc, gbr/unknown/unknown), 1920x1080, 60 fps, 60 tbr, 60 tbn
Stream mapping:
  Stream #0:0 -> #0:0 (png (native) -> h264 (libx264))
Press [q] to stop, [?] for help
[libx264 @ 0x5a83df70a800] using cpu capabilities: MMX2 SSE2Fast SSSE3 SSE4.2 AVX FMA3 BMI2 AVX2
[libx264 @ 0x5a83df70a800] profile High, level 4.2, 4:2:0, 8-bit
[libx264 @ 0x5a83df70a800] 264 - core 164 r3108 31e19f9 - H.264/MPEG-4 AVC codec - Copyleft 2003-2023 - http://www.videolan.org/x264.html - options: cabac=1 ref=3 deblock=1:0:0 analyse=0x3:0x113 me=hex subme=7 psy=1 psy_rd=1.00:0.00 mixed_ref=1 me_range=16 chroma_me=1 trellis=1 8x8dct=1 cqm=0 deadzone=21,11 fast_pskip=1 chroma_qp_offset=-2 threads=12 lookahead_threads=2 sliced_threads=0 nr=0 decimate=1 interlaced=0 bluray_compat=0 constrained_intra=0 bframes=3 b_pyramid=2 b_adapt=1 b_bias=0 direct=1 weightb=1 open_gop=0 weightp=2 keyint=250 keyint_min=25 scenecut=40 intra_refresh=0 rc_lookahead=40 rc=crf mbtree=1 crf=12.0 qcomp=0.60 qpmin=0 qpmax=69 qpstep=4 ip_ratio=1.40 aq=1:1.00
Output #0, mp4, to '/home/qg/evidence/int4-visual-gamedev-plain-r1-fixed-step-v1/gameplay-fixed-step-1080p60.mp4':
  Metadata:
    encoder         : Lavf60.16.100
  Stream #0:0: Video: h264 (avc1 / 0x31637661), yuv420p(tv, progressive), 1920x1080, q=2-31, 60 fps, 15360 tbn
    Metadata:
      encoder         : Lavc60.31.102 libx264
    Side data:
      cpb: bitrate max/min/avg: 0/0/0 buffer size: 0 vbv_delay: N/A
frame=    0 fps=0.0 q=0.0 size=       0kB time=N/A bitrate=N/A speed=N/A    frame=    0 fps=0.0 q=0.0 size=       0kB time=N/A bitrate=N/A speed=N/A    frame=   19 fps= 16 q=20.0 size=     256kB time=00:00:00.28 bitrate=7403.1kbits/s speed=0.235x    frame=   49 fps= 29 q=20.0 size=    1024kB time=00:00:00.78 bitrate=10709.4kbits/s speed=0.457x    frame=   78 fps= 35 q=20.0 size=    1536kB time=00:00:01.26 bitrate=9934.2kbits/s speed=0.57x    frame=  106 fps= 39 q=20.0 size=    2048kB time=00:00:01.73 bitrate=9679.4kbits/s speed=0.632x    frame=  136 fps= 42 q=20.0 size=    2304kB time=00:00:02.23 bitrate=8451.4kbits/s speed=0.688x    frame=  166 fps= 44 q=20.0 size=    2816kB time=00:00:02.73 bitrate=8439.9kbits/s speed=0.723x    frame=  197 fps= 46 q=20.0 size=    3584kB time=00:00:03.25 bitrate=9034.0kbits/s speed=0.759x    frame=  225 fps= 47 q=20.0 size=    4096kB time=00:00:03.71 bitrate=9028.2kbits/s speed=0.775x    frame=  245 fps= 46 q=20.0 size=    4608kB time=00:00:04.05 bitrate=9320.8kbits/s speed=0.762x    frame=  273 fps= 47 q=20.0 size=    5376kB time=00:00:04.51 bitrate=9750.7kbits/s speed=0.776x    frame=  301 fps= 47 q=20.0 size=    6144kB time=00:00:04.98 bitrate=10100.1kbits/s speed=0.784x    frame=  327 fps= 48 q=20.0 size=    6912kB time=00:00:05.41 bitrate=10453.6kbits/s speed=0.789x    frame=  351 fps= 48 q=20.0 size=    7680kB time=00:00:05.81 bitrate=10816.3kbits/s speed=0.789x    frame=  380 fps= 48 q=20.0 size=    8448kB time=00:00:06.30 bitrate=10985.1kbits/s speed=0.799x    frame=  406 fps= 48 q=20.0 size=    9216kB time=00:00:06.73 bitrate=11212.6kbits/s speed=0.803x    [mp4 @ 0x5a83df709e00] Starting second pass: moving the moov atom to the beginning of the file
[out#0/mp4 @ 0x5a83df7084c0] video:9915kB audio:0kB subtitle:0kB other streams:0kB global headers:0kB muxing overhead: 0.065764%
frame=  480 fps= 53 q=-1.0 Lsize=    9922kB time=00:00:07.95 bitrate=10223.5kbits/s speed=0.879x    
[libx264 @ 0x5a83df70a800] frame I:3     Avg QP:10.90  size: 86414
[libx264 @ 0x5a83df70a800] frame P:124   Avg QP:13.82  size: 33554
[libx264 @ 0x5a83df70a800] frame B:353   Avg QP:16.58  size: 16239
[libx264 @ 0x5a83df70a800] consecutive B-frames:  1.0%  0.4%  6.9% 91.7%
[libx264 @ 0x5a83df70a800] mb I  I16..4: 57.0%  9.5% 33.5%
[libx264 @ 0x5a83df70a800] mb P  I16..4: 13.0%  0.4%  2.6%  P16..4: 23.4%  7.8%  5.7%  0.0%  0.0%    skip:47.1%
[libx264 @ 0x5a83df70a800] mb B  I16..4:  2.2%  0.0%  0.2%  B16..8: 29.4%  6.3%  2.5%  direct: 1.8%  skip:57.6%  L0:44.8% L1:49.9% BI: 5.3%
[libx264 @ 0x5a83df70a800] 8x8 transform intra:2.7% inter:61.8%
[libx264 @ 0x5a83df70a800] coded y,uvDC,uvAC intra: 14.7% 32.5% 19.3% inter: 6.8% 9.4% 4.3%
[libx264 @ 0x5a83df70a800] i16 v,h,dc,p:  4% 96%  0%  0%
[libx264 @ 0x5a83df70a800] i8 v,h,dc,ddl,ddr,vr,hd,vl,hu: 15% 33% 43%  2%  1%  1%  2%  2%  2%
[libx264 @ 0x5a83df70a800] i4 v,h,dc,ddl,ddr,vr,hd,vl,hu:  4% 87%  2%  1%  1%  1%  2%  1%  2%
[libx264 @ 0x5a83df70a800] i8c dc,h,v,p: 50% 42%  5%  3%
[libx264 @ 0x5a83df70a800] Weighted P-Frames: Y:1.6% UV:0.0%
[libx264 @ 0x5a83df70a800] ref P L0: 58.3%  4.4% 26.1% 11.0%  0.1%
[libx264 @ 0x5a83df70a800] ref B L0: 80.9% 15.8%  3.4%
[libx264 @ 0x5a83df70a800] ref B L1: 94.7%  5.3%
[libx264 @ 0x5a83df70a800] kb/s:10152.27
