(!) Failed to run dependency scan. Skipping dependency pre-bundling. Error: The following dependencies are imported but could not be resolved:

  three (imported by /home/qg/workspace/apex-karts-64/game.js)

Are they installed?
    at file:///home/qg/runtime/node_modules/vite/dist/node/chunks/node.js:32047:33
    at async file:///home/qg/runtime/node_modules/vite/dist/node/chunks/node.js:34311:15
4:47:30 AM [vite] (client) Pre-transform error: Failed to resolve import "three" from "game.js". Does the file exist?
  Plugin: vite:import-analysis
  File: /home/qg/workspace/apex-karts-64/game.js:4:24
  2  |  //  APEX KARTS 64 - Game Module
  3  |  // ============================================================
  4  |  import * as THREE from 'three';
     |                          ^
  5  |  
  6  |  // --- SEEDED RANDOM ---
4:47:30 AM [vite] (client) Pre-transform error: Failed to resolve import "three" from "game.js". Does the file exist?
  Plugin: vite:import-analysis
  File: /home/qg/workspace/apex-karts-64/game.js:4:24
  2  |  //  APEX KARTS 64 - Game Module
  3  |  // ============================================================
  4  |  import * as THREE from 'three';
     |                          ^
  5  |  
  6  |  // --- SEEDED RANDOM ---
4:47:30 AM [vite] Internal server error: Failed to resolve import "three" from "game.js". Does the file exist?
  Plugin: vite:import-analysis
  File: /home/qg/workspace/apex-karts-64/game.js:4:24
  2  |  //  APEX KARTS 64 - Game Module
  3  |  // ============================================================
  4  |  import * as THREE from 'three';
     |                          ^
  5  |  
  6  |  // --- SEEDED RANDOM ---
      at TransformPluginContext._formatLog (file:///home/qg/runtime/node_modules/vite/dist/node/chunks/node.js:31011:39)
      at TransformPluginContext.error (file:///home/qg/runtime/node_modules/vite/dist/node/chunks/node.js:31008:14)
      at normalizeUrl (file:///home/qg/runtime/node_modules/vite/dist/node/chunks/node.js:27957:18)
      at async file:///home/qg/runtime/node_modules/vite/dist/node/chunks/node.js:28025:30
      at async Promise.all (index 0)
      at async TransformPluginContext.transform (file:///home/qg/runtime/node_modules/vite/dist/node/chunks/node.js:27993:4)
      at async EnvironmentPluginContainer.transform (file:///home/qg/runtime/node_modules/vite/dist/node/chunks/node.js:30796:14)
      at async loadAndTransform (file:///home/qg/runtime/node_modules/vite/dist/node/chunks/node.js:20594:26)
      at async viteTransformMiddleware (file:///home/qg/runtime/node_modules/vite/dist/node/chunks/node.js:25092:20)
