Input #0, image2, from '/home/qg/evidence/int4-visual-gamedev-skills-r1-fixed-step-v1/frame-step-frames/frame-%06d.png':
  Duration: 00:00:08.00, start: 0.000000, bitrate: N/A
  Stream #0:0: Video: png, rgb24(pc, gbr/unknown/unknown), 1920x1080, 60 fps, 60 tbr, 60 tbn
Stream mapping:
  Stream #0:0 -> #0:0 (png (native) -> h264 (libx264))
Press [q] to stop, [?] for help
[libx264 @ 0x62adb3343800] using cpu capabilities: MMX2 SSE2Fast SSSE3 SSE4.2 AVX FMA3 BMI2 AVX2
[libx264 @ 0x62adb3343800] profile High, level 4.2, 4:2:0, 8-bit
[libx264 @ 0x62adb3343800] 264 - core 164 r3108 31e19f9 - H.264/MPEG-4 AVC codec - Copyleft 2003-2023 - http://www.videolan.org/x264.html - options: cabac=1 ref=3 deblock=1:0:0 analyse=0x3:0x113 me=hex subme=7 psy=1 psy_rd=1.00:0.00 mixed_ref=1 me_range=16 chroma_me=1 trellis=1 8x8dct=1 cqm=0 deadzone=21,11 fast_pskip=1 chroma_qp_offset=-2 threads=12 lookahead_threads=2 sliced_threads=0 nr=0 decimate=1 interlaced=0 bluray_compat=0 constrained_intra=0 bframes=3 b_pyramid=2 b_adapt=1 b_bias=0 direct=1 weightb=1 open_gop=0 weightp=2 keyint=250 keyint_min=25 scenecut=40 intra_refresh=0 rc_lookahead=40 rc=crf mbtree=1 crf=12.0 qcomp=0.60 qpmin=0 qpmax=69 qpstep=4 ip_ratio=1.40 aq=1:1.00
Output #0, mp4, to '/home/qg/evidence/int4-visual-gamedev-skills-r1-fixed-step-v1/gameplay-fixed-step-1080p60.mp4':
  Metadata:
    encoder         : Lavf60.16.100
  Stream #0:0: Video: h264 (avc1 / 0x31637661), yuv420p(tv, progressive), 1920x1080, q=2-31, 60 fps, 15360 tbn
    Metadata:
      encoder         : Lavc60.31.102 libx264
    Side data:
      cpb: bitrate max/min/avg: 0/0/0 buffer size: 0 vbv_delay: N/A
frame=    0 fps=0.0 q=0.0 size=       0kB time=N/A bitrate=N/A speed=N/A    frame=    0 fps=0.0 q=0.0 size=       0kB time=N/A bitrate=N/A speed=N/A    frame=   23 fps= 21 q=20.0 size=     256kB time=00:00:00.35 bitrate=5993.0kbits/s speed=0.316x    frame=   55 fps= 34 q=20.0 size=    1024kB time=00:00:00.88 bitrate=9497.0kbits/s speed=0.549x    frame=   87 fps= 40 q=20.0 size=    1792kB time=00:00:01.41 bitrate=10362.7kbits/s speed=0.655x    frame=  117 fps= 44 q=20.0 size=    2304kB time=00:00:01.91 bitrate=9847.7kbits/s speed=0.719x    frame=  147 fps= 46 q=20.0 size=    3072kB time=00:00:02.41 bitrate=10413.6kbits/s speed=0.761x    frame=  175 fps= 47 q=20.0 size=    3840kB time=00:00:02.88 bitrate=10910.2kbits/s speed=0.782x    frame=  201 fps= 48 q=20.0 size=    4608kB time=00:00:03.31 bitrate=11381.6kbits/s speed=0.789x    frame=  223 fps= 47 q=20.0 size=    5376kB time=00:00:03.68 bitrate=11956.7kbits/s speed=0.782x    frame=  249 fps= 48 q=20.0 size=    6144kB time=00:00:04.11 bitrate=12226.4kbits/s speed=0.79x    frame=  277 fps= 48 q=20.0 size=    6912kB time=00:00:04.58 bitrate=12354.2kbits/s speed=0.801x    frame=  308 fps= 49 q=20.0 size=    7680kB time=00:00:05.10 bitrate=12336.3kbits/s speed=0.819x    frame=  337 fps= 50 q=20.0 size=    8448kB time=00:00:05.58 bitrate=12395.2kbits/s speed=0.829x    frame=  361 fps= 50 q=20.0 size=    9216kB time=00:00:05.98 bitrate=12618.0kbits/s speed=0.827x    frame=  389 fps= 50 q=20.0 size=   10240kB time=00:00:06.43 bitrate=13039.3kbits/s speed=0.83x    [mp4 @ 0x62adb3342e00] Starting second pass: moving the moov atom to the beginning of the file
[out#0/mp4 @ 0x62adb33414c0] video:11144kB audio:0kB subtitle:0kB other streams:0kB global headers:0kB muxing overhead: 0.059211%
frame=  480 fps= 57 q=-1.0 Lsize=   11151kB time=00:00:07.95 bitrate=11490.3kbits/s speed=0.952x    
[libx264 @ 0x62adb3343800] frame I:4     Avg QP: 9.44  size:126262
[libx264 @ 0x62adb3343800] frame P:125   Avg QP:11.47  size: 38554
[libx264 @ 0x62adb3343800] frame B:351   Avg QP:16.11  size: 17341
[libx264 @ 0x62adb3343800] consecutive B-frames:  1.2%  2.5%  3.8% 92.5%
[libx264 @ 0x62adb3343800] mb I  I16..4: 44.2% 22.0% 33.8%
[libx264 @ 0x62adb3343800] mb P  I16..4:  7.4%  1.0%  3.8%  P16..4: 21.2%  7.8%  7.6%  0.0%  0.0%    skip:51.2%
[libx264 @ 0x62adb3343800] mb B  I16..4:  1.6%  0.2%  0.8%  B16..8: 21.7%  7.4%  3.1%  direct: 1.5%  skip:63.7%  L0:47.1% L1:48.6% BI: 4.3%
[libx264 @ 0x62adb3343800] 8x8 transform intra:9.4% inter:52.7%
[libx264 @ 0x62adb3343800] coded y,uvDC,uvAC intra: 36.2% 46.4% 36.6% inter: 7.1% 8.3% 4.0%
[libx264 @ 0x62adb3343800] i16 v,h,dc,p:  2% 98%  0%  0%
[libx264 @ 0x62adb3343800] i8 v,h,dc,ddl,ddr,vr,hd,vl,hu: 12% 63% 10%  2%  2%  2%  3%  2%  3%
[libx264 @ 0x62adb3343800] i4 v,h,dc,ddl,ddr,vr,hd,vl,hu: 11% 72%  5%  2%  1%  2%  3%  2%  3%
[libx264 @ 0x62adb3343800] i8c dc,h,v,p: 42% 46%  9%  3%
[libx264 @ 0x62adb3343800] Weighted P-Frames: Y:0.0% UV:0.0%
[libx264 @ 0x62adb3343800] ref P L0: 63.1%  2.9% 21.5% 12.4%
[libx264 @ 0x62adb3343800] ref B L0: 76.7% 18.9%  4.4%
[libx264 @ 0x62adb3343800] ref B L1: 93.3%  6.7%
[libx264 @ 0x62adb3343800] kb/s:11411.04
